#
# There is insufficient memory for the Java Runtime Environment to continue.
# Native memory allocation (malloc) failed to allocate 432976 bytes for Chunk::new
# Possible reasons:
#   The system is out of physical RAM or swap space
#   The process is running with CompressedOops enabled, and the Java Heap may be blocking the growth of the native heap
# Possible solutions:
#   Reduce memory load on the system
#   Increase physical memory or swap space
#   Check if swap backing store is full
#   Decrease Java heap size (-Xmx/-Xms)
#   Decrease number of Java threads
#   Decrease Java thread stack sizes (-Xss)
#   Set larger code cache with -XX:ReservedCodeCacheSize=
#   JVM is running with Zero Based Compressed Oops mode in which the Java heap is
#     placed in the first 32GB address space. The Java Heap base address is the
#     maximum limit for the native heap growth. Please use -XX:HeapBaseMinAddress
#     to set the Java Heap base and to place the Java Heap above 32GB virtual address.
# This output file may be truncated or incomplete.
#
#  Out of Memory Error (arena.cpp:189), pid=11896, tid=14080
#
# JRE version: Java(TM) SE Runtime Environment (17.0.12+8) (build 17.0.12+8-LTS-286)
# Java VM: Java HotSpot(TM) 64-Bit Server VM (17.0.12+8-LTS-286, mixed mode, sharing, tiered, compressed oops, compressed class ptrs, g1 gc, windows-amd64)
# No core dump will be written. Minidumps are not enabled by default on client versions of Windows
#

---------------  S U M M A R Y ------------

Command Line: --add-opens=java.base/java.lang=ALL-UNNAMED --add-opens=java.base/java.lang.invoke=ALL-UNNAMED --add-opens=java.base/java.util=ALL-UNNAMED --add-opens=java.prefs/java.util.prefs=ALL-UNNAMED --add-exports=jdk.compiler/com.sun.tools.javac.api=ALL-UNNAMED --add-exports=jdk.compiler/com.sun.tools.javac.util=ALL-UNNAMED --add-opens=java.base/java.util=ALL-UNNAMED --add-opens=java.prefs/java.util.prefs=ALL-UNNAMED --add-opens=java.base/java.nio.charset=ALL-UNNAMED --add-opens=java.base/java.net=ALL-UNNAMED --add-opens=java.base/java.util.concurrent.atomic=ALL-UNNAMED --add-opens=java.xml/javax.xml.namespace=ALL-UNNAMED -XX:MaxMetaspaceSize=256m -XX:ReservedCodeCacheSize=128m -XX:HeapBaseMinAddress=0x100000000 -XX:+UseG1GC -Xmx768m -Dfile.encoding=UTF-8 -Duser.country=US -Duser.language=en -Duser.variant -javaagent:C:\Users\dell\.gradle\wrapper\dists\gradle-8.11.1-all\2qik7nd48slq1ooc2496ixf4i\gradle-8.11.1\lib\agents\gradle-instrumentation-agent-8.11.1.jar org.gradle.launcher.daemon.bootstrap.GradleDaemon 8.11.1

Host: 11th Gen Intel(R) Core(TM) i5-1135G7 @ 2.40GHz, 8 cores, 7G,  Windows 11 , 64 bit Build 26100 (10.0.26100.8246)
Time: Fri Apr 24 11:42:40 2026 Sri Lanka Standard Time elapsed time: 33.367071 seconds (0d 0h 0m 33s)

---------------  T H R E A D  ---------------

Current thread (0x000002a95fd5b410):  JavaThread "C2 CompilerThread1" daemon [_thread_in_native, id=14080, stack(0x000000fb1c700000,0x000000fb1c800000)]


Current CompileTask:
C2:  33367 8669       4       org.gradle.cache.internal.btree.CachingBlockStore::read (56 bytes)

Stack: [0x000000fb1c700000,0x000000fb1c800000]
Native frames: (J=compiled Java code, j=interpreted, Vv=VM code, C=native code)
V  [jvm.dll+0x67a04a]
V  [jvm.dll+0x7da4ed]
V  [jvm.dll+0x7dbe33]
V  [jvm.dll+0x7dc4a3]
V  [jvm.dll+0x24508f]
V  [jvm.dll+0xab773]
V  [jvm.dll+0xabd3c]
V  [jvm.dll+0x361b9f]
V  [jvm.dll+0x1ba45a]
V  [jvm.dll+0x216997]
V  [jvm.dll+0x215c6f]
V  [jvm.dll+0x1a2960]
V  [jvm.dll+0x22610b]
V  [jvm.dll+0x2242ab]
V  [jvm.dll+0x79075c]
V  [jvm.dll+0x78abea]
V  [jvm.dll+0x678f35]
C  [ucrtbase.dll+0x37b0]
C  [KERNEL32.DLL+0x2e8d7]
C  [ntdll.dll+0x8c3fc]


---------------  P R O C E S S  ---------------

Threads class SMR info:
_java_thread_list=0x000002a95fcec770, length=48, elements={
0x000002a935c0b1d0, 0x000002a949d42e70, 0x000002a949d43940, 0x000002a949d539f0,
0x000002a949d542c0, 0x000002a949d571b0, 0x000002a949d58a90, 0x000002a949d59aa0,
0x000002a949d5d3d0, 0x000002a949d6b200, 0x000002a949d2f210, 0x000002a95c16d700,
0x000002a95d7f74a0, 0x000002a95e185be0, 0x000002a95c4b8cd0, 0x000002a95ccd5850,
0x000002a95ccb9480, 0x000002a95e275d90, 0x000002a95e2762a0, 0x000002a95e274440,
0x000002a95e273a20, 0x000002a95e2767b0, 0x000002a95e273510, 0x000002a95e275370,
0x000002a95e273f30, 0x000002a95e274e60, 0x000002a95e275880, 0x000002a95e274950,
0x000002a96126a890, 0x000002a96126a380, 0x000002a961269450, 0x000002a96126c1e0,
0x000002a96126ada0, 0x000002a96126b2b0, 0x000002a961268a30, 0x000002a96126b7c0,
0x000002a9608b2b10, 0x000002a9608b11c0, 0x000002a9608b3f50, 0x000002a9608b4460,
0x000002a9608b1be0, 0x000002a9608b20f0, 0x000002a9608b3a40, 0x000002a9608b3530,
0x000002a9608b2600, 0x000002a95fd5b410, 0x000002a95fe9afc0, 0x000002a95fe9c400
}

Java Threads: ( => current thread )
  0x000002a935c0b1d0 JavaThread "main" [_thread_blocked, id=28268, stack(0x000000fb1a000000,0x000000fb1a100000)]
  0x000002a949d42e70 JavaThread "Reference Handler" daemon [_thread_blocked, id=27200, stack(0x000000fb1a700000,0x000000fb1a800000)]
  0x000002a949d43940 JavaThread "Finalizer" daemon [_thread_blocked, id=16492, stack(0x000000fb1a800000,0x000000fb1a900000)]
  0x000002a949d539f0 JavaThread "Signal Dispatcher" daemon [_thread_blocked, id=26640, stack(0x000000fb1a900000,0x000000fb1aa00000)]
  0x000002a949d542c0 JavaThread "Attach Listener" daemon [_thread_blocked, id=12212, stack(0x000000fb1aa00000,0x000000fb1ab00000)]
  0x000002a949d571b0 JavaThread "Service Thread" daemon [_thread_blocked, id=27524, stack(0x000000fb1ab00000,0x000000fb1ac00000)]
  0x000002a949d58a90 JavaThread "Monitor Deflation Thread" daemon [_thread_blocked, id=15540, stack(0x000000fb1ac00000,0x000000fb1ad00000)]
  0x000002a949d59aa0 JavaThread "C2 CompilerThread0" daemon [_thread_in_native, id=30032, stack(0x000000fb1ad00000,0x000000fb1ae00000)]
  0x000002a949d5d3d0 JavaThread "C1 CompilerThread0" daemon [_thread_blocked, id=17864, stack(0x000000fb1ae00000,0x000000fb1af00000)]
  0x000002a949d6b200 JavaThread "Sweeper thread" daemon [_thread_blocked, id=25616, stack(0x000000fb1af00000,0x000000fb1b000000)]
  0x000002a949d2f210 JavaThread "Common-Cleaner" daemon [_thread_blocked, id=32240, stack(0x000000fb1b000000,0x000000fb1b100000)]
  0x000002a95c16d700 JavaThread "Notification Thread" daemon [_thread_blocked, id=31352, stack(0x000000fb1b200000,0x000000fb1b300000)]
  0x000002a95d7f74a0 JavaThread "Daemon health stats" [_thread_blocked, id=24928, stack(0x000000fb1b800000,0x000000fb1b900000)]
  0x000002a95e185be0 JavaThread "Incoming local TCP Connector on port 63032" [_thread_in_native, id=25256, stack(0x000000fb1b100000,0x000000fb1b200000)]
  0x000002a95c4b8cd0 JavaThread "Daemon periodic checks" [_thread_blocked, id=19152, stack(0x000000fb1b900000,0x000000fb1ba00000)]
  0x000002a95ccd5850 JavaThread "Daemon" [_thread_blocked, id=32488, stack(0x000000fb1ba00000,0x000000fb1bb00000)]
  0x000002a95ccb9480 JavaThread "Handler for socket connection from /127.0.0.1:63032 to /127.0.0.1:63033" [_thread_in_native, id=12092, stack(0x000000fb1bb00000,0x000000fb1bc00000)]
  0x000002a95e275d90 JavaThread "Cancel handler" [_thread_blocked, id=21660, stack(0x000000fb1bc00000,0x000000fb1bd00000)]
  0x000002a95e2762a0 JavaThread "Daemon worker" [_thread_blocked, id=21628, stack(0x000000fb1bd00000,0x000000fb1be00000)]
  0x000002a95e274440 JavaThread "Asynchronous log dispatcher for DefaultDaemonConnection: socket connection from /127.0.0.1:63032 to /127.0.0.1:63033" [_thread_blocked, id=20908, stack(0x000000fb1be00000,0x000000fb1bf00000)]
  0x000002a95e273a20 JavaThread "Stdin handler" [_thread_blocked, id=26108, stack(0x000000fb1bf00000,0x000000fb1c000000)]
  0x000002a95e2767b0 JavaThread "Daemon client event forwarder" [_thread_blocked, id=11592, stack(0x000000fb1c000000,0x000000fb1c100000)]
  0x000002a95e273510 JavaThread "Cache worker for journal cache (C:\Users\dell\.gradle\caches\journal-1)" [_thread_blocked, id=13820, stack(0x000000fb1c100000,0x000000fb1c200000)]
  0x000002a95e275370 JavaThread "File lock request listener" [_thread_in_native, id=13316, stack(0x000000fb1c200000,0x000000fb1c300000)]
  0x000002a95e273f30 JavaThread "Cache worker for file hash cache (C:\Users\dell\.gradle\caches\8.11.1\fileHashes)" [_thread_blocked, id=15304, stack(0x000000fb1c400000,0x000000fb1c500000)]
  0x000002a95e274e60 JavaThread "Cache worker for file content cache (C:\Users\dell\.gradle\caches\8.11.1\fileContent)" [_thread_blocked, id=21040, stack(0x000000fb1c900000,0x000000fb1ca00000)]
  0x000002a95e275880 JavaThread "Cache worker for file hash cache (C:\Desktop\midwife\midwify\my_flutter_app\android\.gradle\8.11.1\fileHashes)" [_thread_blocked, id=27992, stack(0x000000fb1ca00000,0x000000fb1cb00000)]
  0x000002a95e274950 JavaThread "Cache worker for Build Output Cleanup Cache (C:\Desktop\midwife\midwify\my_flutter_app\android\.gradle\buildOutputCleanup)" [_thread_blocked, id=22752, stack(0x000000fb1cb00000,0x000000fb1cc00000)]
  0x000002a96126a890 JavaThread "jar transforms" [_thread_blocked, id=12512, stack(0x000000fb1cd00000,0x000000fb1ce00000)]
  0x000002a96126a380 JavaThread "jar transforms Thread 2" [_thread_blocked, id=24556, stack(0x000000fb1ce00000,0x000000fb1cf00000)]
  0x000002a961269450 JavaThread "jar transforms Thread 3" [_thread_blocked, id=18660, stack(0x000000fb1cf00000,0x000000fb1d000000)]
  0x000002a96126c1e0 JavaThread "Cache worker for checksums cache (C:\Desktop\midwife\midwify\my_flutter_app\android\.gradle\8.11.1\checksums)" [_thread_blocked, id=32512, stack(0x000000fb1d000000,0x000000fb1d100000)]
  0x000002a96126ada0 JavaThread "Cache worker for cache directory md-rule (C:\Users\dell\.gradle\caches\8.11.1\md-rule)" [_thread_blocked, id=32712, stack(0x000000fb1d100000,0x000000fb1d200000)]
  0x000002a96126b2b0 JavaThread "Cache worker for cache directory md-supplier (C:\Users\dell\.gradle\caches\8.11.1\md-supplier)" [_thread_blocked, id=15672, stack(0x000000fb1d200000,0x000000fb1d300000)]
  0x000002a961268a30 JavaThread "jar transforms Thread 4" [_thread_blocked, id=31124, stack(0x000000fb1d300000,0x000000fb1d400000)]
  0x000002a96126b7c0 JavaThread "jar transforms Thread 5" [_thread_blocked, id=23396, stack(0x000000fb1d400000,0x000000fb1d500000)]
  0x000002a9608b2b10 JavaThread "jar transforms Thread 6" [_thread_blocked, id=26924, stack(0x000000fb1d500000,0x000000fb1d600000)]
  0x000002a9608b11c0 JavaThread "jar transforms Thread 7" [_thread_blocked, id=23848, stack(0x000000fb1d600000,0x000000fb1d700000)]
  0x000002a9608b3f50 JavaThread "jar transforms Thread 8" [_thread_blocked, id=23540, stack(0x000000fb1d700000,0x000000fb1d800000)]
  0x000002a9608b4460 JavaThread "Cache worker for Build Output Cleanup Cache (C:\Users\dell\AppData\Local\flutter\packages\flutter_tools\gradle\.gradle\buildOutputCleanup)" [_thread_blocked, id=27316, stack(0x000000fb1d800000,0x000000fb1d900000)]
  0x000002a9608b1be0 JavaThread "Unconstrained build operations" [_thread_blocked, id=30144, stack(0x000000fb1d900000,0x000000fb1da00000)]
  0x000002a9608b20f0 JavaThread "Unconstrained build operations Thread 2" [_thread_blocked, id=20268, stack(0x000000fb1da00000,0x000000fb1db00000)]
  0x000002a9608b3a40 JavaThread "Unconstrained build operations Thread 3" [_thread_blocked, id=4700, stack(0x000000fb1db00000,0x000000fb1dc00000)]
  0x000002a9608b3530 JavaThread "Memory manager" [_thread_blocked, id=17920, stack(0x000000fb1dc00000,0x000000fb1dd00000)]
  0x000002a9608b2600 JavaThread "build event listener" [_thread_blocked, id=20488, stack(0x000000fb1c800000,0x000000fb1c900000)]
=>0x000002a95fd5b410 JavaThread "C2 CompilerThread1" daemon [_thread_in_native, id=14080, stack(0x000000fb1c700000,0x000000fb1c800000)]
  0x000002a95fe9afc0 JavaThread "included builds" [_thread_in_Java, id=17368, stack(0x000000fb1de00000,0x000000fb1df00000)]
  0x000002a95fe9c400 JavaThread "Cache worker for execution history cache (C:\Users\dell\AppData\Local\flutter\packages\flutter_tools\gradle\.gradle\8.11.1\executionHistory)" [_thread_blocked, id=4552, stack(0x000000fb1df00000,0x000000fb1e000000)]

Other Threads:
  0x000002a949d3e510 VMThread "VM Thread" [stack: 0x000000fb1a600000,0x000000fb1a700000] [id=22304]
  0x000002a935c563d0 WatcherThread [stack: 0x000000fb1b300000,0x000000fb1b400000] [id=26132]
  0x000002a935c3f2b0 GCTaskThread "GC Thread#0" [stack: 0x000000fb1a100000,0x000000fb1a200000] [id=31740]
  0x000002a95c56e970 GCTaskThread "GC Thread#1" [stack: 0x000000fb1b400000,0x000000fb1b500000] [id=28384]
  0x000002a95c6f13f0 GCTaskThread "GC Thread#2" [stack: 0x000000fb1b500000,0x000000fb1b600000] [id=22216]
  0x000002a95d69b640 GCTaskThread "GC Thread#3" [stack: 0x000000fb1b600000,0x000000fb1b700000] [id=25060]
  0x000002a95d69b900 GCTaskThread "GC Thread#4" [stack: 0x000000fb1b700000,0x000000fb1b800000] [id=2840]
  0x000002a95db9f360 GCTaskThread "GC Thread#5" [stack: 0x000000fb1c300000,0x000000fb1c400000] [id=5420]
  0x000002a95cfc6110 GCTaskThread "GC Thread#6" [stack: 0x000000fb1c500000,0x000000fb1c600000] [id=22712]
  0x000002a95cfc63d0 GCTaskThread "GC Thread#7" [stack: 0x000000fb1c600000,0x000000fb1c700000] [id=23376]
  0x000002a935c45fb0 ConcurrentGCThread "G1 Main Marker" [stack: 0x000000fb1a200000,0x000000fb1a300000] [id=16504]
  0x000002a935c46770 ConcurrentGCThread "G1 Conc#0" [stack: 0x000000fb1a300000,0x000000fb1a400000] [id=6400]
  0x000002a95dfa4900 ConcurrentGCThread "G1 Conc#1" [stack: 0x000000fb1cc00000,0x000000fb1cd00000] [id=22480]
  0x000002a935cc94e0 ConcurrentGCThread "G1 Refine#0" [stack: 0x000000fb1a400000,0x000000fb1a500000] [id=22924]
  0x000002a935ccacd0 ConcurrentGCThread "G1 Service" [stack: 0x000000fb1a500000,0x000000fb1a600000] [id=32208]

Threads with active compile tasks:
C2 CompilerThread0    33424 8694       4       org.gradle.util.internal.SimpleMapInterner::intern (40 bytes)
C1 CompilerThread0    33425 8759       1       org.gradle.api.internal.artifacts.DefaultModuleVersionIdentifier::hashCode (5 bytes)
C2 CompilerThread1    33425 8669       4       org.gradle.cache.internal.btree.CachingBlockStore::read (56 bytes)

VM state: not at safepoint (normal execution)

VM Mutex/Monitor currently owned by a thread: None

Heap address: 0x0000000100000000, size: 768 MB, Compressed Oops mode: Zero based, Oop shift amount: 3

CDS archive(s) mapped at: [0x000002a94a000000-0x000002a94abd0000-0x000002a94abd0000), size 12386304, SharedBaseAddress: 0x000002a94a000000, ArchiveRelocationMode: 1.
Compressed class space mapped at: 0x000002a94b000000-0x000002a958000000, reserved size: 218103808
Narrow klass base: 0x000002a94a000000, Narrow klass shift: 0, Narrow klass range: 0x100000000

GC Precious Log:
 CPUs: 8 total, 8 available
 Memory: 7914M
 Large Page Support: Disabled
 NUMA Support: Disabled
 Compressed Oops: Enabled (Zero based)
 Heap Region Size: 1M
 Heap Min Capacity: 8M
 Heap Initial Capacity: 124M
 Heap Max Capacity: 768M
 Pre-touch: Disabled
 Parallel Workers: 8
 Concurrent Workers: 2
 Concurrent Refinement Workers: 8
 Periodic GC: Disabled

Heap:
 garbage-first heap   total 205824K, used 132058K [0x0000000100000000, 0x0000000130000000)
  region size 1024K, 64 young (65536K), 5 survivors (5120K)
 Metaspace       used 69918K, committed 70784K, reserved 278528K
  class space    used 9971K, committed 10368K, reserved 212992K

Heap Regions: E=young(eden), S=young(survivor), O=old, HS=humongous(starts), HC=humongous(continues), CS=collection set, F=free, OA=open archive, CA=closed archive, TAMS=top-at-mark-start (previous, next)
|   0|0x0000000100000000, 0x0000000100100000, 0x0000000100100000|100%| O|  |TAMS 0x0000000100100000, 0x0000000100000000| Untracked 
|   1|0x0000000100100000, 0x0000000100200000, 0x0000000100200000|100%|HS|  |TAMS 0x0000000100200000, 0x0000000100100000| Complete 
|   2|0x0000000100200000, 0x0000000100300000, 0x0000000100300000|100%|HC|  |TAMS 0x0000000100300000, 0x0000000100200000| Complete 
|   3|0x0000000100300000, 0x0000000100400000, 0x0000000100400000|100%|HC|  |TAMS 0x0000000100400000, 0x0000000100300000| Complete 
|   4|0x0000000100400000, 0x0000000100500000, 0x0000000100500000|100%| O|  |TAMS 0x0000000100500000, 0x0000000100400000| Untracked 
|   5|0x0000000100500000, 0x0000000100600000, 0x0000000100600000|100%| O|  |TAMS 0x0000000100600000, 0x0000000100500000| Untracked 
|   6|0x0000000100600000, 0x0000000100700000, 0x0000000100700000|100%| O|  |TAMS 0x0000000100700000, 0x0000000100600000| Untracked 
|   7|0x0000000100700000, 0x0000000100800000, 0x0000000100800000|100%|HS|  |TAMS 0x0000000100800000, 0x0000000100700000| Complete 
|   8|0x0000000100800000, 0x0000000100900000, 0x0000000100900000|100%| O|  |TAMS 0x0000000100900000, 0x0000000100800000| Untracked 
|   9|0x0000000100900000, 0x0000000100a00000, 0x0000000100a00000|100%| O|  |TAMS 0x0000000100a00000, 0x0000000100900000| Untracked 
|  10|0x0000000100a00000, 0x0000000100b00000, 0x0000000100b00000|100%| O|  |TAMS 0x0000000100b00000, 0x0000000100a00000| Untracked 
|  11|0x0000000100b00000, 0x0000000100c00000, 0x0000000100c00000|100%| O|  |TAMS 0x0000000100c00000, 0x0000000100b00000| Untracked 
|  12|0x0000000100c00000, 0x0000000100d00000, 0x0000000100d00000|100%| O|  |TAMS 0x0000000100d00000, 0x0000000100c00000| Untracked 
|  13|0x0000000100d00000, 0x0000000100e00000, 0x0000000100e00000|100%| O|  |TAMS 0x0000000100e00000, 0x0000000100d00000| Untracked 
|  14|0x0000000100e00000, 0x0000000100f00000, 0x0000000100f00000|100%| O|  |TAMS 0x0000000100f00000, 0x0000000100e00000| Untracked 
|  15|0x0000000100f00000, 0x0000000101000000, 0x0000000101000000|100%| O|  |TAMS 0x0000000101000000, 0x0000000100f00000| Untracked 
|  16|0x0000000101000000, 0x0000000101100000, 0x0000000101100000|100%| O|  |TAMS 0x0000000101100000, 0x0000000101000000| Untracked 
|  17|0x0000000101100000, 0x0000000101200000, 0x0000000101200000|100%| O|  |TAMS 0x0000000101200000, 0x0000000101100000| Untracked 
|  18|0x0000000101200000, 0x0000000101300000, 0x0000000101300000|100%| O|  |TAMS 0x0000000101300000, 0x0000000101200000| Untracked 
|  19|0x0000000101300000, 0x0000000101400000, 0x0000000101400000|100%| O|  |TAMS 0x0000000101400000, 0x0000000101300000| Untracked 
|  20|0x0000000101400000, 0x0000000101500000, 0x0000000101500000|100%| O|  |TAMS 0x0000000101500000, 0x0000000101400000| Untracked 
|  21|0x0000000101500000, 0x0000000101600000, 0x0000000101600000|100%| O|  |TAMS 0x0000000101600000, 0x0000000101500000| Untracked 
|  22|0x0000000101600000, 0x0000000101700000, 0x0000000101700000|100%| O|  |TAMS 0x0000000101700000, 0x0000000101600000| Untracked 
|  23|0x0000000101700000, 0x0000000101800000, 0x0000000101800000|100%| O|  |TAMS 0x0000000101800000, 0x0000000101700000| Untracked 
|  24|0x0000000101800000, 0x0000000101900000, 0x0000000101900000|100%| O|  |TAMS 0x0000000101900000, 0x0000000101800000| Untracked 
|  25|0x0000000101900000, 0x0000000101a00000, 0x0000000101a00000|100%| O|  |TAMS 0x0000000101a00000, 0x0000000101900000| Untracked 
|  26|0x0000000101a00000, 0x0000000101b00000, 0x0000000101b00000|100%| O|  |TAMS 0x0000000101b00000, 0x0000000101a00000| Untracked 
|  27|0x0000000101b00000, 0x0000000101c00000, 0x0000000101c00000|100%| O|  |TAMS 0x0000000101c00000, 0x0000000101b00000| Untracked 
|  28|0x0000000101c00000, 0x0000000101d00000, 0x0000000101d00000|100%| O|  |TAMS 0x0000000101d00000, 0x0000000101c00000| Untracked 
|  29|0x0000000101d00000, 0x0000000101e00000, 0x0000000101e00000|100%| O|  |TAMS 0x0000000101e00000, 0x0000000101d00000| Untracked 
|  30|0x0000000101e00000, 0x0000000101f00000, 0x0000000101f00000|100%| O|  |TAMS 0x0000000101f00000, 0x0000000101e00000| Untracked 
|  31|0x0000000101f00000, 0x0000000102000000, 0x0000000102000000|100%| O|  |TAMS 0x0000000102000000, 0x0000000101f00000| Untracked 
|  32|0x0000000102000000, 0x0000000102100000, 0x0000000102100000|100%| O|  |TAMS 0x0000000102000000, 0x0000000102000000| Untracked 
|  33|0x0000000102100000, 0x0000000102200000, 0x0000000102200000|100%| O|  |TAMS 0x0000000102200000, 0x0000000102100000| Untracked 
|  34|0x0000000102200000, 0x0000000102300000, 0x0000000102300000|100%| O|  |TAMS 0x0000000102300000, 0x0000000102200000| Untracked 
|  35|0x0000000102300000, 0x0000000102400000, 0x0000000102400000|100%| O|  |TAMS 0x0000000102400000, 0x0000000102300000| Untracked 
|  36|0x0000000102400000, 0x0000000102500000, 0x0000000102500000|100%| O|  |TAMS 0x0000000102500000, 0x0000000102400000| Untracked 
|  37|0x0000000102500000, 0x00000001025dda00, 0x0000000102600000| 86%| O|  |TAMS 0x0000000102500000, 0x0000000102500000| Untracked 
|  38|0x0000000102600000, 0x0000000102700000, 0x0000000102700000|100%| O|  |TAMS 0x0000000102700000, 0x0000000102600000| Untracked 
|  39|0x0000000102700000, 0x0000000102700000, 0x0000000102800000|  0%| F|  |TAMS 0x0000000102700000, 0x0000000102700000| Untracked 
|  40|0x0000000102800000, 0x0000000102900000, 0x0000000102900000|100%| O|  |TAMS 0x0000000102900000, 0x0000000102800000| Untracked 
|  41|0x0000000102900000, 0x0000000102a00000, 0x0000000102a00000|100%| O|  |TAMS 0x0000000102a00000, 0x0000000102900000| Untracked 
|  42|0x0000000102a00000, 0x0000000102b00000, 0x0000000102b00000|100%| O|  |TAMS 0x0000000102b00000, 0x0000000102a00000| Untracked 
|  43|0x0000000102b00000, 0x0000000102c00000, 0x0000000102c00000|100%| O|  |TAMS 0x0000000102c00000, 0x0000000102b00000| Untracked 
|  44|0x0000000102c00000, 0x0000000102d00000, 0x0000000102d00000|100%| O|  |TAMS 0x0000000102d00000, 0x0000000102c00000| Untracked 
|  45|0x0000000102d00000, 0x0000000102e00000, 0x0000000102e00000|100%| O|  |TAMS 0x0000000102e00000, 0x0000000102d00000| Untracked 
|  46|0x0000000102e00000, 0x0000000102f00000, 0x0000000102f00000|100%| O|  |TAMS 0x0000000102f00000, 0x0000000102e00000| Untracked 
|  47|0x0000000102f00000, 0x0000000103000000, 0x0000000103000000|100%| O|  |TAMS 0x0000000103000000, 0x0000000102f00000| Untracked 
|  48|0x0000000103000000, 0x0000000103100000, 0x0000000103100000|100%| O|  |TAMS 0x0000000103100000, 0x0000000103000000| Untracked 
|  49|0x0000000103100000, 0x0000000103200000, 0x0000000103200000|100%| O|  |TAMS 0x0000000103200000, 0x0000000103100000| Untracked 
|  50|0x0000000103200000, 0x0000000103300000, 0x0000000103300000|100%| O|  |TAMS 0x0000000103300000, 0x0000000103200000| Untracked 
|  51|0x0000000103300000, 0x0000000103400000, 0x0000000103400000|100%| O|  |TAMS 0x0000000103400000, 0x0000000103300000| Untracked 
|  52|0x0000000103400000, 0x0000000103500000, 0x0000000103500000|100%| O|  |TAMS 0x0000000103500000, 0x0000000103400000| Untracked 
|  53|0x0000000103500000, 0x0000000103600000, 0x0000000103600000|100%| O|  |TAMS 0x0000000103600000, 0x0000000103500000| Untracked 
|  54|0x0000000103600000, 0x0000000103700000, 0x0000000103700000|100%|HS|  |TAMS 0x0000000103700000, 0x0000000103600000| Complete 
|  55|0x0000000103700000, 0x0000000103800000, 0x0000000103800000|100%|HC|  |TAMS 0x0000000103800000, 0x0000000103700000| Complete 
|  56|0x0000000103800000, 0x0000000103900000, 0x0000000103900000|100%|HS|  |TAMS 0x0000000103900000, 0x0000000103800000| Complete 
|  57|0x0000000103900000, 0x0000000103a00000, 0x0000000103a00000|100%|HC|  |TAMS 0x0000000103a00000, 0x0000000103900000| Complete 
|  58|0x0000000103a00000, 0x0000000103b00000, 0x0000000103b00000|100%|HS|  |TAMS 0x0000000103b00000, 0x0000000103a00000| Complete 
|  59|0x0000000103b00000, 0x0000000103c00000, 0x0000000103c00000|100%|HC|  |TAMS 0x0000000103c00000, 0x0000000103b00000| Complete 
|  60|0x0000000103c00000, 0x0000000103d00000, 0x0000000103d00000|100%|HC|  |TAMS 0x0000000103d00000, 0x0000000103c00000| Complete 
|  61|0x0000000103d00000, 0x0000000103e00000, 0x0000000103e00000|100%| O|  |TAMS 0x0000000103e00000, 0x0000000103d00000| Untracked 
|  62|0x0000000103e00000, 0x0000000103f00000, 0x0000000103f00000|100%| O|  |TAMS 0x0000000103f00000, 0x0000000103e00000| Untracked 
|  63|0x0000000103f00000, 0x0000000104000000, 0x0000000104000000|100%| O|  |TAMS 0x0000000104000000, 0x0000000103f00000| Untracked 
|  64|0x0000000104000000, 0x0000000104100000, 0x0000000104100000|100%| O|  |TAMS 0x0000000104055800, 0x0000000104000000| Untracked 
|  65|0x0000000104100000, 0x0000000104200000, 0x0000000104200000|100%|HS|  |TAMS 0x0000000104200000, 0x0000000104100000| Complete 
|  66|0x0000000104200000, 0x0000000104300000, 0x0000000104300000|100%|HC|  |TAMS 0x0000000104300000, 0x0000000104200000| Complete 
|  67|0x0000000104300000, 0x0000000104400000, 0x0000000104400000|100%|HC|  |TAMS 0x0000000104400000, 0x0000000104300000| Complete 
|  68|0x0000000104400000, 0x0000000104400000, 0x0000000104500000|  0%| F|  |TAMS 0x0000000104400000, 0x0000000104400000| Untracked 
|  69|0x0000000104500000, 0x0000000104500000, 0x0000000104600000|  0%| F|  |TAMS 0x0000000104500000, 0x0000000104500000| Untracked 
|  70|0x0000000104600000, 0x0000000104600000, 0x0000000104700000|  0%| F|  |TAMS 0x0000000104600000, 0x0000000104600000| Untracked 
|  71|0x0000000104700000, 0x0000000104700000, 0x0000000104800000|  0%| F|  |TAMS 0x0000000104700000, 0x0000000104700000| Untracked 
|  72|0x0000000104800000, 0x0000000104800000, 0x0000000104900000|  0%| F|  |TAMS 0x0000000104800000, 0x0000000104800000| Untracked 
|  73|0x0000000104900000, 0x0000000104900000, 0x0000000104a00000|  0%| F|  |TAMS 0x0000000104900000, 0x0000000104900000| Untracked 
|  74|0x0000000104a00000, 0x0000000104a00000, 0x0000000104b00000|  0%| F|  |TAMS 0x0000000104a00000, 0x0000000104a00000| Untracked 
|  75|0x0000000104b00000, 0x0000000104b00000, 0x0000000104c00000|  0%| F|  |TAMS 0x0000000104b00000, 0x0000000104b00000| Untracked 
|  76|0x0000000104c00000, 0x0000000104c00000, 0x0000000104d00000|  0%| F|  |TAMS 0x0000000104c00000, 0x0000000104c00000| Untracked 
|  77|0x0000000104d00000, 0x0000000104d00000, 0x0000000104e00000|  0%| F|  |TAMS 0x0000000104d00000, 0x0000000104d00000| Untracked 
|  78|0x0000000104e00000, 0x0000000104e00000, 0x0000000104f00000|  0%| F|  |TAMS 0x0000000104e00000, 0x0000000104e00000| Untracked 
|  79|0x0000000104f00000, 0x0000000104f00000, 0x0000000105000000|  0%| F|  |TAMS 0x0000000104f00000, 0x0000000104f00000| Untracked 
|  80|0x0000000105000000, 0x0000000105018f10, 0x0000000105100000|  9%| S|CS|TAMS 0x0000000105000000, 0x0000000105000000| Complete 
|  81|0x0000000105100000, 0x0000000105200000, 0x0000000105200000|100%| S|CS|TAMS 0x0000000105100000, 0x0000000105100000| Complete 
|  82|0x0000000105200000, 0x0000000105300000, 0x0000000105300000|100%| S|CS|TAMS 0x0000000105200000, 0x0000000105200000| Complete 
|  83|0x0000000105300000, 0x0000000105400000, 0x0000000105400000|100%| S|CS|TAMS 0x0000000105300000, 0x0000000105300000| Complete 
|  84|0x0000000105400000, 0x0000000105500000, 0x0000000105500000|100%| S|CS|TAMS 0x0000000105400000, 0x0000000105400000| Complete 
|  85|0x0000000105500000, 0x0000000105500000, 0x0000000105600000|  0%| F|  |TAMS 0x0000000105500000, 0x0000000105500000| Untracked 
|  86|0x0000000105600000, 0x0000000105600000, 0x0000000105700000|  0%| F|  |TAMS 0x0000000105600000, 0x0000000105600000| Untracked 
|  87|0x0000000105700000, 0x0000000105700000, 0x0000000105800000|  0%| F|  |TAMS 0x0000000105700000, 0x0000000105700000| Untracked 
|  88|0x0000000105800000, 0x0000000105800000, 0x0000000105900000|  0%| F|  |TAMS 0x0000000105800000, 0x0000000105800000| Untracked 
|  89|0x0000000105900000, 0x0000000105900000, 0x0000000105a00000|  0%| F|  |TAMS 0x0000000105900000, 0x0000000105900000| Untracked 
|  90|0x0000000105a00000, 0x0000000105a00000, 0x0000000105b00000|  0%| F|  |TAMS 0x0000000105a00000, 0x0000000105a00000| Untracked 
|  91|0x0000000105b00000, 0x0000000105b00000, 0x0000000105c00000|  0%| F|  |TAMS 0x0000000105b00000, 0x0000000105b00000| Untracked 
|  92|0x0000000105c00000, 0x0000000105c00000, 0x0000000105d00000|  0%| F|  |TAMS 0x0000000105c00000, 0x0000000105c00000| Untracked 
|  93|0x0000000105d00000, 0x0000000105d00000, 0x0000000105e00000|  0%| F|  |TAMS 0x0000000105d00000, 0x0000000105d00000| Untracked 
|  94|0x0000000105e00000, 0x0000000105e00000, 0x0000000105f00000|  0%| F|  |TAMS 0x0000000105e00000, 0x0000000105e00000| Untracked 
|  95|0x0000000105f00000, 0x0000000105f00000, 0x0000000106000000|  0%| F|  |TAMS 0x0000000105f00000, 0x0000000105f00000| Untracked 
|  96|0x0000000106000000, 0x0000000106000000, 0x0000000106100000|  0%| F|  |TAMS 0x0000000106000000, 0x0000000106000000| Untracked 
|  97|0x0000000106100000, 0x0000000106100000, 0x0000000106200000|  0%| F|  |TAMS 0x0000000106100000, 0x0000000106100000| Untracked 
|  98|0x0000000106200000, 0x0000000106200000, 0x0000000106300000|  0%| F|  |TAMS 0x0000000106200000, 0x0000000106200000| Untracked 
|  99|0x0000000106300000, 0x0000000106300000, 0x0000000106400000|  0%| F|  |TAMS 0x0000000106300000, 0x0000000106300000| Untracked 
| 100|0x0000000106400000, 0x0000000106400000, 0x0000000106500000|  0%| F|  |TAMS 0x0000000106400000, 0x0000000106400000| Untracked 
| 101|0x0000000106500000, 0x0000000106500000, 0x0000000106600000|  0%| F|  |TAMS 0x0000000106500000, 0x0000000106500000| Untracked 
| 102|0x0000000106600000, 0x0000000106600000, 0x0000000106700000|  0%| F|  |TAMS 0x0000000106600000, 0x0000000106600000| Untracked 
| 103|0x0000000106700000, 0x0000000106700000, 0x0000000106800000|  0%| F|  |TAMS 0x0000000106700000, 0x0000000106700000| Untracked 
| 104|0x0000000106800000, 0x0000000106800000, 0x0000000106900000|  0%| F|  |TAMS 0x0000000106800000, 0x0000000106800000| Untracked 
| 105|0x0000000106900000, 0x0000000106900000, 0x0000000106a00000|  0%| F|  |TAMS 0x0000000106900000, 0x0000000106900000| Untracked 
| 106|0x0000000106a00000, 0x0000000106a00000, 0x0000000106b00000|  0%| F|  |TAMS 0x0000000106a00000, 0x0000000106a00000| Untracked 
| 107|0x0000000106b00000, 0x0000000106b00000, 0x0000000106c00000|  0%| F|  |TAMS 0x0000000106b00000, 0x0000000106b00000| Untracked 
| 108|0x0000000106c00000, 0x0000000106c00000, 0x0000000106d00000|  0%| F|  |TAMS 0x0000000106c00000, 0x0000000106c00000| Untracked 
| 109|0x0000000106d00000, 0x0000000106d00000, 0x0000000106e00000|  0%| F|  |TAMS 0x0000000106d00000, 0x0000000106d00000| Untracked 
| 110|0x0000000106e00000, 0x0000000106e00000, 0x0000000106f00000|  0%| F|  |TAMS 0x0000000106e00000, 0x0000000106e00000| Untracked 
| 111|0x0000000106f00000, 0x0000000106f00000, 0x0000000107000000|  0%| F|  |TAMS 0x0000000106f00000, 0x0000000106f00000| Untracked 
| 112|0x0000000107000000, 0x0000000107000000, 0x0000000107100000|  0%| F|  |TAMS 0x0000000107000000, 0x0000000107000000| Untracked 
| 113|0x0000000107100000, 0x0000000107100000, 0x0000000107200000|  0%| F|  |TAMS 0x0000000107100000, 0x0000000107100000| Untracked 
| 114|0x0000000107200000, 0x0000000107200000, 0x0000000107300000|  0%| F|  |TAMS 0x0000000107200000, 0x0000000107200000| Untracked 
| 115|0x0000000107300000, 0x0000000107300000, 0x0000000107400000|  0%| F|  |TAMS 0x0000000107300000, 0x0000000107300000| Untracked 
| 116|0x0000000107400000, 0x0000000107400000, 0x0000000107500000|  0%| F|  |TAMS 0x0000000107400000, 0x0000000107400000| Untracked 
| 117|0x0000000107500000, 0x0000000107500000, 0x0000000107600000|  0%| F|  |TAMS 0x0000000107500000, 0x0000000107500000| Untracked 
| 118|0x0000000107600000, 0x0000000107600000, 0x0000000107700000|  0%| F|  |TAMS 0x0000000107600000, 0x0000000107600000| Untracked 
| 119|0x0000000107700000, 0x0000000107700000, 0x0000000107800000|  0%| F|  |TAMS 0x0000000107700000, 0x0000000107700000| Untracked 
| 120|0x0000000107800000, 0x0000000107800000, 0x0000000107900000|  0%| F|  |TAMS 0x0000000107800000, 0x0000000107800000| Untracked 
| 121|0x0000000107900000, 0x0000000107900000, 0x0000000107a00000|  0%| F|  |TAMS 0x0000000107900000, 0x0000000107900000| Untracked 
| 122|0x0000000107a00000, 0x0000000107a00000, 0x0000000107b00000|  0%| F|  |TAMS 0x0000000107a00000, 0x0000000107a00000| Untracked 
| 123|0x0000000107b00000, 0x0000000107b00000, 0x0000000107c00000|  0%| F|  |TAMS 0x0000000107b00000, 0x0000000107b00000| Untracked 
| 124|0x0000000107c00000, 0x0000000107c00000, 0x0000000107d00000|  0%| F|  |TAMS 0x0000000107c00000, 0x0000000107c00000| Untracked 
| 125|0x0000000107d00000, 0x0000000107d00000, 0x0000000107e00000|  0%| F|  |TAMS 0x0000000107d00000, 0x0000000107d00000| Untracked 
| 126|0x0000000107e00000, 0x0000000107e00000, 0x0000000107f00000|  0%| F|  |TAMS 0x0000000107e00000, 0x0000000107e00000| Untracked 
| 127|0x0000000107f00000, 0x0000000107f00000, 0x0000000108000000|  0%| F|  |TAMS 0x0000000107f00000, 0x0000000107f00000| Untracked 
| 128|0x0000000108000000, 0x0000000108000000, 0x0000000108100000|  0%| F|  |TAMS 0x0000000108000000, 0x0000000108000000| Untracked 
| 129|0x0000000108100000, 0x0000000108100000, 0x0000000108200000|  0%| F|  |TAMS 0x0000000108100000, 0x0000000108100000| Untracked 
| 130|0x0000000108200000, 0x0000000108200000, 0x0000000108300000|  0%| F|  |TAMS 0x0000000108200000, 0x0000000108200000| Untracked 
| 131|0x0000000108300000, 0x0000000108300000, 0x0000000108400000|  0%| F|  |TAMS 0x0000000108300000, 0x0000000108300000| Untracked 
| 132|0x0000000108400000, 0x0000000108400000, 0x0000000108500000|  0%| F|  |TAMS 0x0000000108400000, 0x0000000108400000| Untracked 
| 133|0x0000000108500000, 0x0000000108500000, 0x0000000108600000|  0%| F|  |TAMS 0x0000000108500000, 0x0000000108500000| Untracked 
| 134|0x0000000108600000, 0x0000000108600000, 0x0000000108700000|  0%| F|  |TAMS 0x0000000108600000, 0x0000000108600000| Untracked 
| 135|0x0000000108700000, 0x0000000108700000, 0x0000000108800000|  0%| F|  |TAMS 0x0000000108700000, 0x0000000108700000| Untracked 
| 136|0x0000000108800000, 0x0000000108800000, 0x0000000108900000|  0%| F|  |TAMS 0x0000000108800000, 0x0000000108800000| Untracked 
| 137|0x0000000108900000, 0x0000000108900000, 0x0000000108a00000|  0%| F|  |TAMS 0x0000000108900000, 0x0000000108900000| Untracked 
| 138|0x0000000108a00000, 0x0000000108a00000, 0x0000000108b00000|  0%| F|  |TAMS 0x0000000108a00000, 0x0000000108a00000| Untracked 
| 139|0x0000000108b00000, 0x0000000108b00000, 0x0000000108c00000|  0%| F|  |TAMS 0x0000000108b00000, 0x0000000108b00000| Untracked 
| 140|0x0000000108c00000, 0x0000000108c00000, 0x0000000108d00000|  0%| F|  |TAMS 0x0000000108c00000, 0x0000000108c00000| Untracked 
| 141|0x0000000108d00000, 0x0000000108d6abe8, 0x0000000108e00000| 41%| E|  |TAMS 0x0000000108d00000, 0x0000000108d00000| Complete 
| 142|0x0000000108e00000, 0x0000000108f00000, 0x0000000108f00000|100%| E|CS|TAMS 0x0000000108e00000, 0x0000000108e00000| Complete 
| 143|0x0000000108f00000, 0x0000000109000000, 0x0000000109000000|100%| E|CS|TAMS 0x0000000108f00000, 0x0000000108f00000| Complete 
| 144|0x0000000109000000, 0x0000000109100000, 0x0000000109100000|100%| E|CS|TAMS 0x0000000109000000, 0x0000000109000000| Complete 
| 145|0x0000000109100000, 0x0000000109200000, 0x0000000109200000|100%| E|CS|TAMS 0x0000000109100000, 0x0000000109100000| Complete 
| 146|0x0000000109200000, 0x0000000109300000, 0x0000000109300000|100%| E|CS|TAMS 0x0000000109200000, 0x0000000109200000| Complete 
| 147|0x0000000109300000, 0x0000000109400000, 0x0000000109400000|100%| E|CS|TAMS 0x0000000109300000, 0x0000000109300000| Complete 
| 148|0x0000000109400000, 0x0000000109500000, 0x0000000109500000|100%| E|CS|TAMS 0x0000000109400000, 0x0000000109400000| Complete 
| 149|0x0000000109500000, 0x0000000109600000, 0x0000000109600000|100%| E|CS|TAMS 0x0000000109500000, 0x0000000109500000| Complete 
| 150|0x0000000109600000, 0x0000000109700000, 0x0000000109700000|100%| E|CS|TAMS 0x0000000109600000, 0x0000000109600000| Complete 
| 151|0x0000000109700000, 0x0000000109800000, 0x0000000109800000|100%| E|CS|TAMS 0x0000000109700000, 0x0000000109700000| Complete 
| 152|0x0000000109800000, 0x0000000109900000, 0x0000000109900000|100%| E|CS|TAMS 0x0000000109800000, 0x0000000109800000| Complete 
| 153|0x0000000109900000, 0x0000000109a00000, 0x0000000109a00000|100%| E|CS|TAMS 0x0000000109900000, 0x0000000109900000| Complete 
| 154|0x0000000109a00000, 0x0000000109b00000, 0x0000000109b00000|100%| E|CS|TAMS 0x0000000109a00000, 0x0000000109a00000| Complete 
| 155|0x0000000109b00000, 0x0000000109c00000, 0x0000000109c00000|100%| E|CS|TAMS 0x0000000109b00000, 0x0000000109b00000| Complete 
| 156|0x0000000109c00000, 0x0000000109d00000, 0x0000000109d00000|100%| E|CS|TAMS 0x0000000109c00000, 0x0000000109c00000| Complete 
| 157|0x0000000109d00000, 0x0000000109e00000, 0x0000000109e00000|100%| E|CS|TAMS 0x0000000109d00000, 0x0000000109d00000| Complete 
| 158|0x0000000109e00000, 0x0000000109f00000, 0x0000000109f00000|100%| E|CS|TAMS 0x0000000109e00000, 0x0000000109e00000| Complete 
| 159|0x0000000109f00000, 0x000000010a000000, 0x000000010a000000|100%| E|CS|TAMS 0x0000000109f00000, 0x0000000109f00000| Complete 
| 160|0x000000010a000000, 0x000000010a100000, 0x000000010a100000|100%| E|CS|TAMS 0x000000010a000000, 0x000000010a000000| Complete 
| 161|0x000000010a100000, 0x000000010a200000, 0x000000010a200000|100%| E|CS|TAMS 0x000000010a100000, 0x000000010a100000| Complete 
| 162|0x000000010a200000, 0x000000010a300000, 0x000000010a300000|100%| E|CS|TAMS 0x000000010a200000, 0x000000010a200000| Complete 
| 163|0x000000010a300000, 0x000000010a400000, 0x000000010a400000|100%| E|CS|TAMS 0x000000010a300000, 0x000000010a300000| Complete 
| 164|0x000000010a400000, 0x000000010a500000, 0x000000010a500000|100%| E|CS|TAMS 0x000000010a400000, 0x000000010a400000| Complete 
| 165|0x000000010a500000, 0x000000010a600000, 0x000000010a600000|100%| E|CS|TAMS 0x000000010a500000, 0x000000010a500000| Complete 
| 166|0x000000010a600000, 0x000000010a700000, 0x000000010a700000|100%| E|CS|TAMS 0x000000010a600000, 0x000000010a600000| Complete 
| 167|0x000000010a700000, 0x000000010a800000, 0x000000010a800000|100%| E|CS|TAMS 0x000000010a700000, 0x000000010a700000| Complete 
| 168|0x000000010a800000, 0x000000010a900000, 0x000000010a900000|100%| E|CS|TAMS 0x000000010a800000, 0x000000010a800000| Complete 
| 169|0x000000010a900000, 0x000000010aa00000, 0x000000010aa00000|100%| E|CS|TAMS 0x000000010a900000, 0x000000010a900000| Complete 
| 170|0x000000010aa00000, 0x000000010ab00000, 0x000000010ab00000|100%| E|CS|TAMS 0x000000010aa00000, 0x000000010aa00000| Complete 
| 171|0x000000010ab00000, 0x000000010ac00000, 0x000000010ac00000|100%| E|CS|TAMS 0x000000010ab00000, 0x000000010ab00000| Complete 
| 172|0x000000010ac00000, 0x000000010ad00000, 0x000000010ad00000|100%| E|CS|TAMS 0x000000010ac00000, 0x000000010ac00000| Complete 
| 173|0x000000010ad00000, 0x000000010ae00000, 0x000000010ae00000|100%| E|CS|TAMS 0x000000010ad00000, 0x000000010ad00000| Complete 
| 174|0x000000010ae00000, 0x000000010af00000, 0x000000010af00000|100%| E|CS|TAMS 0x000000010ae00000, 0x000000010ae00000| Complete 
| 175|0x000000010af00000, 0x000000010b000000, 0x000000010b000000|100%| E|CS|TAMS 0x000000010af00000, 0x000000010af00000| Complete 
| 176|0x000000010b000000, 0x000000010b100000, 0x000000010b100000|100%| E|CS|TAMS 0x000000010b000000, 0x000000010b000000| Complete 
| 177|0x000000010b100000, 0x000000010b200000, 0x000000010b200000|100%| E|CS|TAMS 0x000000010b100000, 0x000000010b100000| Complete 
| 178|0x000000010b200000, 0x000000010b300000, 0x000000010b300000|100%| E|CS|TAMS 0x000000010b200000, 0x000000010b200000| Complete 
| 179|0x000000010b300000, 0x000000010b400000, 0x000000010b400000|100%| E|CS|TAMS 0x000000010b300000, 0x000000010b300000| Complete 
| 180|0x000000010b400000, 0x000000010b500000, 0x000000010b500000|100%| E|CS|TAMS 0x000000010b400000, 0x000000010b400000| Complete 
| 181|0x000000010b500000, 0x000000010b600000, 0x000000010b600000|100%| E|CS|TAMS 0x000000010b500000, 0x000000010b500000| Complete 
| 182|0x000000010b600000, 0x000000010b700000, 0x000000010b700000|100%| E|CS|TAMS 0x000000010b600000, 0x000000010b600000| Complete 
| 183|0x000000010b700000, 0x000000010b800000, 0x000000010b800000|100%| E|CS|TAMS 0x000000010b700000, 0x000000010b700000| Complete 
| 184|0x000000010b800000, 0x000000010b900000, 0x000000010b900000|100%| E|CS|TAMS 0x000000010b800000, 0x000000010b800000| Complete 
| 185|0x000000010b900000, 0x000000010ba00000, 0x000000010ba00000|100%| E|CS|TAMS 0x000000010b900000, 0x000000010b900000| Complete 
| 186|0x000000010ba00000, 0x000000010bb00000, 0x000000010bb00000|100%| E|CS|TAMS 0x000000010ba00000, 0x000000010ba00000| Complete 
| 187|0x000000010bb00000, 0x000000010bc00000, 0x000000010bc00000|100%| E|CS|TAMS 0x000000010bb00000, 0x000000010bb00000| Complete 
| 188|0x000000010bc00000, 0x000000010bd00000, 0x000000010bd00000|100%| E|CS|TAMS 0x000000010bc00000, 0x000000010bc00000| Complete 
| 189|0x000000010bd00000, 0x000000010be00000, 0x000000010be00000|100%| E|CS|TAMS 0x000000010bd00000, 0x000000010bd00000| Complete 
| 190|0x000000010be00000, 0x000000010bf00000, 0x000000010bf00000|100%| E|CS|TAMS 0x000000010be00000, 0x000000010be00000| Complete 
| 191|0x000000010bf00000, 0x000000010c000000, 0x000000010c000000|100%| E|CS|TAMS 0x000000010bf00000, 0x000000010bf00000| Complete 
| 192|0x000000010c000000, 0x000000010c100000, 0x000000010c100000|100%| E|CS|TAMS 0x000000010c000000, 0x000000010c000000| Complete 
| 193|0x000000010c100000, 0x000000010c200000, 0x000000010c200000|100%| E|CS|TAMS 0x000000010c100000, 0x000000010c100000| Complete 
| 194|0x000000010c200000, 0x000000010c300000, 0x000000010c300000|100%| E|CS|TAMS 0x000000010c200000, 0x000000010c200000| Complete 
| 195|0x000000010c300000, 0x000000010c400000, 0x000000010c400000|100%| E|CS|TAMS 0x000000010c300000, 0x000000010c300000| Complete 
| 196|0x000000010c400000, 0x000000010c500000, 0x000000010c500000|100%| E|CS|TAMS 0x000000010c400000, 0x000000010c400000| Complete 
| 197|0x000000010c500000, 0x000000010c600000, 0x000000010c600000|100%| E|CS|TAMS 0x000000010c500000, 0x000000010c500000| Complete 
| 198|0x000000010c600000, 0x000000010c700000, 0x000000010c700000|100%| E|CS|TAMS 0x000000010c600000, 0x000000010c600000| Complete 
| 199|0x000000010c700000, 0x000000010c800000, 0x000000010c800000|100%| E|CS|TAMS 0x000000010c700000, 0x000000010c700000| Complete 
| 200|0x000000010c800000, 0x000000010c900000, 0x000000010c900000|100%| E|CS|TAMS 0x000000010c800000, 0x000000010c800000| Complete 

Card table byte_map: [0x000002a945860000,0x000002a9459e0000] _byte_map_base: 0x000002a945060000

Marking Bits (Prev, Next): (CMBitMap*) 0x000002a935c3f6c0, (CMBitMap*) 0x000002a935c3f680
 Prev Bits: [0x000002a946760000, 0x000002a947360000)
 Next Bits: [0x000002a945b60000, 0x000002a946760000)

Polling page: 0x000002a9353d0000

Metaspace:

Usage:
  Non-class:     58.55 MB used.
      Class:      9.74 MB used.
       Both:     68.29 MB used.

Virtual space:
  Non-class space:       64.00 MB reserved,      59.00 MB ( 92%) committed,  1 nodes.
      Class space:      208.00 MB reserved,      10.12 MB (  5%) committed,  1 nodes.
             Both:      272.00 MB reserved,      69.12 MB ( 25%) committed. 

Chunk freelists:
   Non-Class:  4.10 MB
       Class:  5.89 MB
        Both:  9.98 MB

MaxMetaspaceSize: 256.00 MB
CompressedClassSpaceSize: 208.00 MB
Initial GC threshold: 21.00 MB
Current GC threshold: 103.75 MB
CDS: on
MetaspaceReclaimPolicy: balanced
 - commit_granule_bytes: 65536.
 - commit_granule_words: 8192.
 - virtual_space_node_default_size: 8388608.
 - enlarge_chunks_in_place: 1.
 - new_chunks_are_fully_committed: 0.
 - uncommit_free_chunks: 1.
 - use_allocation_guard: 0.
 - handle_deallocations: 1.


Internal statistics:

num_allocs_failed_limit: 6.
num_arena_births: 1108.
num_arena_deaths: 0.
num_vsnodes_births: 2.
num_vsnodes_deaths: 0.
num_space_committed: 1106.
num_space_uncommitted: 0.
num_chunks_returned_to_freelist: 6.
num_chunks_taken_from_freelist: 4219.
num_chunk_merges: 6.
num_chunk_splits: 2632.
num_chunks_enlarged: 1576.
num_inconsistent_stats: 0.

CodeCache: size=131072Kb used=22370Kb max_used=22370Kb free=108701Kb
 bounds [0x000002a93d4c0000, 0x000002a93eaa0000, 0x000002a9454c0000]
 total_blobs=8463 nmethods=7556 adapters=819
 compilation: enabled
              stopped_count=0, restarted_count=0
 full_count=0

Compilation events (20 events):
Event: 30.310 Thread 0x000002a949d5d3d0 8702       3       org.gradle.internal.component.external.model.ImmutableCapabilities::of (23 bytes)
Event: 30.311 Thread 0x000002a949d5d3d0 nmethod 8702 0x000002a93ea71590 code [0x000002a93ea717a0, 0x000002a93ea71f18]
Event: 30.311 Thread 0x000002a949d5d3d0 8703       3       org.gradle.internal.component.external.model.ImmutableCapabilities::asImmutable (38 bytes)
Event: 30.312 Thread 0x000002a949d5d3d0 nmethod 8703 0x000002a93ea77790 code [0x000002a93ea77980, 0x000002a93ea78018]
Event: 30.312 Thread 0x000002a949d5d3d0 8700       3       java.util.stream.ReferencePipeline$7::<init> (20 bytes)
Event: 30.312 Thread 0x000002a949d5d3d0 nmethod 8700 0x000002a93ea6eb90 code [0x000002a93ea6ed40, 0x000002a93ea6f028]
Event: 30.312 Thread 0x000002a949d5d3d0 8701       3       java.util.stream.ReferencePipeline$7::opWrapSink (10 bytes)
Event: 30.313 Thread 0x000002a949d5d3d0 nmethod 8701 0x000002a93ea78190 code [0x000002a93ea78380, 0x000002a93ea78948]
Event: 30.313 Thread 0x000002a949d5d3d0 8705       1       org.gradle.api.internal.artifacts.ivyservice.resolutionstrategy.DefaultCachePolicy$AbstractResolutionControl::ruleMatch (5 bytes)
Event: 30.313 Thread 0x000002a949d5d3d0 nmethod 8705 0x000002a93ea71290 code [0x000002a93ea71420, 0x000002a93ea714f8]
Event: 30.319 Thread 0x000002a949d5d3d0 8706       3       org.gradle.internal.component.external.model.DefaultImmutableCapability::defaultCapabilityForComponent (26 bytes)
Event: 30.320 Thread 0x000002a949d5d3d0 nmethod 8706 0x000002a93ea78b10 code [0x000002a93ea78ce0, 0x000002a93ea79108]
Event: 30.326 Thread 0x000002a949d5d3d0 8707       3       org.gradle.internal.component.external.model.AbstractLazyModuleComponentResolveMetadata::getAttributes (5 bytes)
Event: 30.326 Thread 0x000002a949d5d3d0 nmethod 8707 0x000002a93ea70c90 code [0x000002a93ea70e20, 0x000002a93ea70f38]
Event: 30.326 Thread 0x000002a949d5d3d0 8709       3       org.gradle.internal.component.external.model.VariantMetadataRules$$Lambda$887/0x000002a94b700a40::<init> (10 bytes)
Event: 30.326 Thread 0x000002a949d5d3d0 nmethod 8709 0x000002a93ea79390 code [0x000002a93ea79520, 0x000002a93ea796d8]
Event: 30.326 Thread 0x000002a949d5d3d0 8708       3       org.gradle.internal.component.external.model.VariantMetadataRules::getAttributes (29 bytes)
Event: 30.327 Thread 0x000002a949d5d3d0 nmethod 8708 0x000002a93ea79790 code [0x000002a93ea799a0, 0x000002a93ea7a1b8]
Event: 30.327 Thread 0x000002a949d5d3d0 8710       3       java.util.IdentityHashMap::nextKeyIndex (15 bytes)
Event: 30.327 Thread 0x000002a949d5d3d0 nmethod 8710 0x000002a93ea7a410 code [0x000002a93ea7a5a0, 0x000002a93ea7a6d8]

GC Heap History (20 events):
Event: 23.741 GC heap before
{Heap before GC invocations=26 (full 0):
 garbage-first heap   total 96256K, used 58532K [0x0000000100000000, 0x0000000130000000)
  region size 1024K, 6 young (6144K), 1 survivors (1024K)
 Metaspace       used 53424K, committed 54144K, reserved 278528K
  class space    used 7604K, committed 7936K, reserved 212992K
}
Event: 23.744 GC heap after
{Heap after GC invocations=27 (full 0):
 garbage-first heap   total 96256K, used 54710K [0x0000000100000000, 0x0000000130000000)
  region size 1024K, 1 young (1024K), 1 survivors (1024K)
 Metaspace       used 53424K, committed 54144K, reserved 278528K
  class space    used 7604K, committed 7936K, reserved 212992K
}
Event: 24.392 GC heap before
{Heap before GC invocations=28 (full 0):
 garbage-first heap   total 107520K, used 86454K [0x0000000100000000, 0x0000000130000000)
  region size 1024K, 25 young (25600K), 1 survivors (1024K)
 Metaspace       used 55764K, committed 56448K, reserved 278528K
  class space    used 7915K, committed 8256K, reserved 212992K
}
Event: 24.395 GC heap after
{Heap after GC invocations=29 (full 0):
 garbage-first heap   total 107520K, used 63427K [0x0000000100000000, 0x0000000130000000)
  region size 1024K, 3 young (3072K), 3 survivors (3072K)
 Metaspace       used 55764K, committed 56448K, reserved 278528K
  class space    used 7915K, committed 8256K, reserved 212992K
}
Event: 24.441 GC heap before
{Heap before GC invocations=29 (full 0):
 garbage-first heap   total 107520K, used 64451K [0x0000000100000000, 0x0000000130000000)
  region size 1024K, 5 young (5120K), 3 survivors (3072K)
 Metaspace       used 56025K, committed 56768K, reserved 278528K
  class space    used 7946K, committed 8320K, reserved 212992K
}
Event: 24.446 GC heap after
{Heap after GC invocations=30 (full 0):
 garbage-first heap   total 107520K, used 62431K [0x0000000100000000, 0x0000000130000000)
  region size 1024K, 1 young (1024K), 1 survivors (1024K)
 Metaspace       used 56025K, committed 56768K, reserved 278528K
  class space    used 7946K, committed 8320K, reserved 212992K
}
Event: 25.066 GC heap before
{Heap before GC invocations=30 (full 0):
 garbage-first heap   total 107520K, used 87007K [0x0000000100000000, 0x0000000130000000)
  region size 1024K, 26 young (26624K), 1 survivors (1024K)
 Metaspace       used 59009K, committed 59776K, reserved 278528K
  class space    used 8332K, committed 8704K, reserved 212992K
}
Event: 25.070 GC heap after
{Heap after GC invocations=31 (full 0):
 garbage-first heap   total 107520K, used 63213K [0x0000000100000000, 0x0000000130000000)
  region size 1024K, 1 young (1024K), 1 survivors (1024K)
 Metaspace       used 59009K, committed 59776K, reserved 278528K
  class space    used 8332K, committed 8704K, reserved 212992K
}
Event: 25.773 GC heap before
{Heap before GC invocations=32 (full 0):
 garbage-first heap   total 111616K, used 88813K [0x0000000100000000, 0x0000000130000000)
  region size 1024K, 27 young (27648K), 1 survivors (1024K)
 Metaspace       used 60885K, committed 61632K, reserved 278528K
  class space    used 8598K, committed 8960K, reserved 212992K
}
Event: 25.778 GC heap after
{Heap after GC invocations=33 (full 0):
 garbage-first heap   total 111616K, used 64636K [0x0000000100000000, 0x0000000130000000)
  region size 1024K, 3 young (3072K), 3 survivors (3072K)
 Metaspace       used 60885K, committed 61632K, reserved 278528K
  class space    used 8598K, committed 8960K, reserved 212992K
}
Event: 25.811 GC heap before
{Heap before GC invocations=33 (full 0):
 garbage-first heap   total 111616K, used 66684K [0x0000000100000000, 0x0000000130000000)
  region size 1024K, 5 young (5120K), 3 survivors (3072K)
 Metaspace       used 61067K, committed 61824K, reserved 278528K
  class space    used 8615K, committed 8960K, reserved 212992K
}
Event: 25.817 GC heap after
{Heap after GC invocations=34 (full 0):
 garbage-first heap   total 111616K, used 64178K [0x0000000100000000, 0x0000000130000000)
  region size 1024K, 1 young (1024K), 1 survivors (1024K)
 Metaspace       used 61067K, committed 61824K, reserved 278528K
  class space    used 8615K, committed 8960K, reserved 212992K
}
Event: 26.360 GC heap before
{Heap before GC invocations=34 (full 0):
 garbage-first heap   total 111616K, used 95922K [0x0000000100000000, 0x0000000130000000)
  region size 1024K, 29 young (29696K), 1 survivors (1024K)
 Metaspace       used 62789K, committed 63616K, reserved 278528K
  class space    used 8859K, committed 9280K, reserved 212992K
}
Event: 26.363 GC heap after
{Heap after GC invocations=35 (full 0):
 garbage-first heap   total 111616K, used 68016K [0x0000000100000000, 0x0000000130000000)
  region size 1024K, 2 young (2048K), 2 survivors (2048K)
 Metaspace       used 62789K, committed 63616K, reserved 278528K
  class space    used 8859K, committed 9280K, reserved 212992K
}
Event: 27.032 GC heap before
{Heap before GC invocations=36 (full 0):
 garbage-first heap   total 122880K, used 91568K [0x0000000100000000, 0x0000000130000000)
  region size 1024K, 26 young (26624K), 2 survivors (2048K)
 Metaspace       used 64178K, committed 64960K, reserved 278528K
  class space    used 9074K, committed 9472K, reserved 212992K
}
Event: 27.037 GC heap after
{Heap after GC invocations=37 (full 0):
 garbage-first heap   total 122880K, used 68742K [0x0000000100000000, 0x0000000130000000)
  region size 1024K, 2 young (2048K), 2 survivors (2048K)
 Metaspace       used 64178K, committed 64960K, reserved 278528K
  class space    used 9074K, committed 9472K, reserved 212992K
}
Event: 27.152 GC heap before
{Heap before GC invocations=37 (full 0):
 garbage-first heap   total 122880K, used 72838K [0x0000000100000000, 0x0000000130000000)
  region size 1024K, 6 young (6144K), 2 survivors (2048K)
 Metaspace       used 64610K, committed 65408K, reserved 278528K
  class space    used 9134K, committed 9536K, reserved 212992K
}
Event: 27.156 GC heap after
{Heap after GC invocations=38 (full 0):
 garbage-first heap   total 122880K, used 68741K [0x0000000100000000, 0x0000000130000000)
  region size 1024K, 1 young (1024K), 1 survivors (1024K)
 Metaspace       used 64610K, committed 65408K, reserved 278528K
  class space    used 9134K, committed 9536K, reserved 212992K
}
Event: 28.230 GC heap before
{Heap before GC invocations=38 (full 0):
 garbage-first heap   total 122880K, used 103557K [0x0000000100000000, 0x0000000130000000)
  region size 1024K, 35 young (35840K), 1 survivors (1024K)
 Metaspace       used 66448K, committed 67264K, reserved 278528K
  class space    used 9390K, committed 9792K, reserved 212992K
}
Event: 28.237 GC heap after
{Heap after GC invocations=39 (full 0):
 garbage-first heap   total 205824K, used 72666K [0x0000000100000000, 0x0000000130000000)
  region size 1024K, 5 young (5120K), 5 survivors (5120K)
 Metaspace       used 66448K, committed 67264K, reserved 278528K
  class space    used 9390K, committed 9792K, reserved 212992K
}

Deoptimization events (20 events):
Event: 30.050 Thread 0x000002a95fe9c400 Uncommon trap: trap_request=0xffffffd6 fr.pc=0x000002a93ea0b9ec relative=0x0000000000000e2c
Event: 30.050 Thread 0x000002a95fe9c400 Uncommon trap: reason=array_check action=maybe_recompile pc=0x000002a93ea0b9ec method=com.google.common.collect.RegularImmutableMap.fromEntryArrayCheckingBucketOverflow(I[Ljava/util/Map$Entry;Z)Lcom/google/common/collect/ImmutableMap; @ 220 c2
Event: 30.050 Thread 0x000002a95fe9c400 DEOPT PACKING pc=0x000002a93ea0b9ec sp=0x000000fb1dffe230
Event: 30.050 Thread 0x000002a95fe9c400 DEOPT UNPACKING pc=0x000002a93d515ba3 sp=0x000000fb1dffe0f0 mode 2
Event: 30.050 Thread 0x000002a95fe9c400 Uncommon trap: trap_request=0xffffffd6 fr.pc=0x000002a93ea0b9ec relative=0x0000000000000e2c
Event: 30.050 Thread 0x000002a95fe9c400 Uncommon trap: reason=array_check action=maybe_recompile pc=0x000002a93ea0b9ec method=com.google.common.collect.RegularImmutableMap.fromEntryArrayCheckingBucketOverflow(I[Ljava/util/Map$Entry;Z)Lcom/google/common/collect/ImmutableMap; @ 220 c2
Event: 30.050 Thread 0x000002a95fe9c400 DEOPT PACKING pc=0x000002a93ea0b9ec sp=0x000000fb1dffe150
Event: 30.050 Thread 0x000002a95fe9c400 DEOPT UNPACKING pc=0x000002a93d515ba3 sp=0x000000fb1dffe010 mode 2
Event: 30.051 Thread 0x000002a95fe9c400 Uncommon trap: trap_request=0xffffffd6 fr.pc=0x000002a93ea0b9ec relative=0x0000000000000e2c
Event: 30.051 Thread 0x000002a95fe9c400 Uncommon trap: reason=array_check action=maybe_recompile pc=0x000002a93ea0b9ec method=com.google.common.collect.RegularImmutableMap.fromEntryArrayCheckingBucketOverflow(I[Ljava/util/Map$Entry;Z)Lcom/google/common/collect/ImmutableMap; @ 220 c2
Event: 30.051 Thread 0x000002a95fe9c400 DEOPT PACKING pc=0x000002a93ea0b9ec sp=0x000000fb1dffe230
Event: 30.051 Thread 0x000002a95fe9c400 DEOPT UNPACKING pc=0x000002a93d515ba3 sp=0x000000fb1dffe0f0 mode 2
Event: 30.051 Thread 0x000002a95fe9c400 Uncommon trap: trap_request=0xffffffd6 fr.pc=0x000002a93ea0b9ec relative=0x0000000000000e2c
Event: 30.051 Thread 0x000002a95fe9c400 Uncommon trap: reason=array_check action=maybe_recompile pc=0x000002a93ea0b9ec method=com.google.common.collect.RegularImmutableMap.fromEntryArrayCheckingBucketOverflow(I[Ljava/util/Map$Entry;Z)Lcom/google/common/collect/ImmutableMap; @ 220 c2
Event: 30.051 Thread 0x000002a95fe9c400 DEOPT PACKING pc=0x000002a93ea0b9ec sp=0x000000fb1dffe150
Event: 30.051 Thread 0x000002a95fe9c400 DEOPT UNPACKING pc=0x000002a93d515ba3 sp=0x000000fb1dffe010 mode 2
Event: 30.218 Thread 0x000002a95fe9afc0 Uncommon trap: trap_request=0xffffff45 fr.pc=0x000002a93e14e13c relative=0x000000000000057c
Event: 30.218 Thread 0x000002a95fe9afc0 Uncommon trap: reason=unstable_if action=reinterpret pc=0x000002a93e14e13c method=java.lang.StringLatin1.compareToCI([B[B)I @ 68 c2
Event: 30.218 Thread 0x000002a95fe9afc0 DEOPT PACKING pc=0x000002a93e14e13c sp=0x000000fb1defa870
Event: 30.218 Thread 0x000002a95fe9afc0 DEOPT UNPACKING pc=0x000002a93d515ba3 sp=0x000000fb1defa760 mode 2

Classes unloaded (0 events):
No events

Classes redefined (0 events):
No events

Internal exceptions (20 events):
Event: 28.669 Thread 0x000002a95e2762a0 Exception <a 'java/lang/ClassNotFoundException'{0x000000010b25f088}: org/gradle/api/tasks/compile/AbstractOptionsCustomizer> (0x000000010b25f088) 
thrown [s\open\src\hotspot\share\classfile\systemDictionary.cpp, line 256]
Event: 28.671 Thread 0x000002a95e2762a0 Exception <a 'java/lang/ClassNotFoundException'{0x000000010b2742b8}: org/gradle/api/tasks/compile/GroovyCompileOptionsCustomizer> (0x000000010b2742b8) 
thrown [s\open\src\hotspot\share\classfile\systemDictionary.cpp, line 256]
Event: 28.675 Thread 0x000002a95e2762a0 Exception <a 'java/lang/ClassNotFoundException'{0x000000010b2a7188}: org/gradle/api/tasks/compile/GroovyCompileOptions_DecoratedCustomizer> (0x000000010b2a7188) 
thrown [s\open\src\hotspot\share\classfile\systemDictionary.cpp, line 256]
Event: 28.770 Thread 0x000002a95e2762a0 Exception <a 'java/lang/NoSuchMethodError'{0x000000010b09c038}: 'void java.lang.invoke.DirectMethodHandle$Holder.invokeStatic(java.lang.Object, java.lang.Object, java.lang.Object, java.lang.Object, java.lang.Object, java.lang.Object, java.lang.Object, java.lang.Object)'> (0x000000010b09c038) 
thrown [s\open\src\hotspot\share\interpreter\linkResolver.cpp, line 759]
Event: 29.225 Thread 0x000002a95e2762a0 Exception <a 'java/lang/NoSuchMethodError'{0x000000010a4b72c0}: 'java.lang.Object java.lang.invoke.DirectMethodHandle$Holder.newInvokeSpecial(java.lang.Object, java.lang.Object, java.lang.Object, java.lang.Object, java.lang.Object, java.lang.Object, int)'> (0x000000010a4b72c0) 
thrown [s\open\src\hotspot\share\interpreter\linkResolver.cpp, line 759]
Event: 29.226 Thread 0x000002a95e2762a0 Exception <a 'java/lang/NoSuchMethodError'{0x000000010a4bd4c0}: 'java.lang.Object java.lang.invoke.DirectMethodHandle$Holder.invokeSpecial(java.lang.Object, java.lang.Object, java.lang.Object, java.lang.Object, java.lang.Object, java.lang.Object, java.lang.Object, int)'> (0x000000010a4bd4c0) 
thrown [s\open\src\hotspot\share\interpreter\linkResolver.cpp, line 759]
Event: 29.226 Thread 0x000002a95e2762a0 Exception <a 'java/lang/NoSuchMethodError'{0x000000010a4c3090}: 'java.lang.Object java.lang.invoke.Invokers$Holder.linkToTargetMethod(java.lang.Object, java.lang.Object, java.lang.Object, java.lang.Object, java.lang.Object, int, java.lang.Object)'> (0x000000010a4c3090) 
thrown [s\open\src\hotspot\share\interpreter\linkResolver.cpp, line 759]
Event: 29.527 Thread 0x000002a95fe9afc0 Implicit null exception at 0x000002a93e8bc807 to 0x000002a93e8bd7ec
Event: 29.537 Thread 0x000002a95fe9afc0 Exception <a 'java/lang/NoSuchMethodError'{0x0000000109b40c10}: 'java.lang.Object java.lang.invoke.DirectMethodHandle$Holder.newInvokeSpecial(java.lang.Object, java.lang.Object, int, java.lang.Object, java.lang.Object)'> (0x0000000109b40c10) 
thrown [s\open\src\hotspot\share\interpreter\linkResolver.cpp, line 759]
Event: 29.827 Thread 0x000002a95e2767b0 Exception <a 'java/lang/NoSuchMethodError'{0x00000001098d84f8}: static Lorg/gradle/internal/build/event/types/DefaultTaskStartedProgressEvent;.<clinit>()V> (0x00000001098d84f8) 
thrown [s\open\src\hotspot\share\prims\jni.cpp, line 1112]
Event: 29.832 Thread 0x000002a95e2767b0 Exception <a 'java/lang/NoSuchMethodError'{0x00000001098e2d98}: static Lorg/gradle/internal/build/event/types/DefaultTaskDescriptor;.<clinit>()V> (0x00000001098e2d98) 
thrown [s\open\src\hotspot\share\prims\jni.cpp, line 1112]
Event: 29.846 Thread 0x000002a95e2767b0 Exception <a 'java/lang/NoSuchMethodError'{0x000000010973b180}: static Lorg/gradle/internal/build/event/types/DefaultTaskFinishedProgressEvent;.<clinit>()V> (0x000000010973b180) 
thrown [s\open\src\hotspot\share\prims\jni.cpp, line 1112]
Event: 29.849 Thread 0x000002a95e2767b0 Exception <a 'java/lang/NoSuchMethodError'{0x000000010974d318}: static Lorg/gradle/internal/build/event/types/DefaultTaskSkippedResult;.<clinit>()V> (0x000000010974d318) 
thrown [s\open\src\hotspot\share\prims\jni.cpp, line 1112]
Event: 29.849 Thread 0x000002a95e2767b0 Exception <a 'java/lang/NoSuchMethodError'{0x000000010974e3c8}: static Lorg/gradle/internal/build/event/types/AbstractTaskResult;.<clinit>()V> (0x000000010974e3c8) 
thrown [s\open\src\hotspot\share\prims\jni.cpp, line 1112]
Event: 29.855 Thread 0x000002a95fe9afc0 Exception <a 'java/lang/NoSuchMethodError'{0x00000001098ad6e8}: 'void java.lang.invoke.DirectMethodHandle$Holder.invokeSpecial(java.lang.Object, java.lang.Object, java.lang.Object, java.lang.Object, int, java.lang.Object, java.lang.Object)'> (0x00000001098ad6e8) 
thrown [s\open\src\hotspot\share\interpreter\linkResolver.cpp, line 759]
Event: 29.911 Thread 0x000002a9608b2600 Exception <a 'java/lang/NoSuchMethodError'{0x0000000109673ed0}: static Ljava/lang/Object;.<clinit>()V> (0x0000000109673ed0) 
thrown [s\open\src\hotspot\share\prims\jni.cpp, line 1112]
Event: 29.914 Thread 0x000002a9608b2600 Exception <a 'java/lang/NoSuchMethodError'{0x000000010967ed40}: static Lorg/jetbrains/kotlin/gradle/plugin/statistics/MetricContainer;.<clinit>()V> (0x000000010967ed40) 
thrown [s\open\src\hotspot\share\prims\jni.cpp, line 1112]
Event: 29.919 Thread 0x000002a95fe9afc0 Exception <a 'java/lang/NoSuchMethodError'{0x000000010962ebd0}: 'void java.lang.invoke.DirectMethodHandle$Holder.invokeInterface(java.lang.Object, java.lang.Object, java.lang.Object, java.lang.Object)'> (0x000000010962ebd0) 
thrown [s\open\src\hotspot\share\interpreter\linkResolver.cpp, line 759]
Event: 30.106 Thread 0x000002a95fe9afc0 Exception <a 'java/lang/NoSuchMethodError'{0x00000001094dec20}: 'int java.lang.invoke.DirectMethodHandle$Holder.invokeSpecial(java.lang.Object, java.lang.Object, java.lang.Object, java.lang.Object, java.lang.Object)'> (0x00000001094dec20) 
thrown [s\open\src\hotspot\share\interpreter\linkResolver.cpp, line 759]
Event: 30.266 Thread 0x000002a95fe9afc0 Exception <a 'java/lang/IncompatibleClassChangeError'{0x00000001091c3380}: Found class java.lang.Object, but interface was expected> (0x00000001091c3380) 
thrown [s\open\src\hotspot\share\interpreter\linkResolver.cpp, line 826]

VM Operations (20 events):
Event: 28.237 Executing VM operation: G1CollectForAllocation done
Event: 28.457 Executing VM operation: HandshakeAllThreads
Event: 28.457 Executing VM operation: HandshakeAllThreads done
Event: 28.457 Executing VM operation: HandshakeAllThreads
Event: 28.457 Executing VM operation: HandshakeAllThreads done
Event: 29.202 Executing VM operation: ICBufferFull
Event: 29.202 Executing VM operation: ICBufferFull done
Event: 29.815 Executing VM operation: HandshakeAllThreads
Event: 29.816 Executing VM operation: HandshakeAllThreads done
Event: 29.841 Executing VM operation: HandshakeAllThreads
Event: 29.841 Executing VM operation: HandshakeAllThreads done
Event: 29.910 Executing VM operation: HandshakeAllThreads
Event: 29.910 Executing VM operation: HandshakeAllThreads done
Event: 29.924 Executing VM operation: ICBufferFull
Event: 29.925 Executing VM operation: ICBufferFull done
Event: 30.073 Executing VM operation: HandshakeAllThreads
Event: 30.073 Executing VM operation: HandshakeAllThreads done
Event: 30.109 Executing VM operation: HandshakeAllThreads
Event: 30.109 Executing VM operation: HandshakeAllThreads done
Event: 31.118 Executing VM operation: Cleanup

Events (20 events):
Event: 29.287 loading class sun/reflect/annotation/AnnotationInvocationHandler$1 done
Event: 29.498 Thread 0x000002a95fe9afc0 Thread added: 0x000002a95fe9afc0
Event: 29.499 loading class java/util/concurrent/locks/AbstractQueuedSynchronizer$SharedNode
Event: 29.500 loading class java/util/concurrent/locks/AbstractQueuedSynchronizer$SharedNode done
Event: 29.737 Thread 0x000002a95fe9c400 Thread added: 0x000002a95fe9c400
Event: 29.800 loading class java/util/TreeMap$KeySpliterator
Event: 29.805 loading class java/util/TreeMap$TreeMapSpliterator
Event: 29.806 loading class java/util/TreeMap$TreeMapSpliterator done
Event: 29.806 loading class java/util/TreeMap$KeySpliterator done
Event: 29.900 Thread 0x000002a95fd5c400 Thread exited: 0x000002a95fd5c400
Event: 30.054 loading class java/util/ArrayDeque$DeqSpliterator
Event: 30.054 loading class java/util/ArrayDeque$DeqSpliterator done
Event: 30.055 loading class java/util/stream/ReferencePipeline$4
Event: 30.056 loading class java/util/stream/ReferencePipeline$4 done
Event: 30.056 loading class java/util/stream/ReduceOps$6
Event: 30.057 loading class java/util/stream/ReduceOps$6 done
Event: 30.057 loading class java/util/stream/ReduceOps$5ReducingSink
Event: 30.058 loading class java/util/stream/ReduceOps$5ReducingSink done
Event: 30.058 loading class java/util/stream/ReferencePipeline$4$1
Event: 30.058 loading class java/util/stream/ReferencePipeline$4$1 done


Dynamic libraries:
0x00007ff7ba9e0000 - 0x00007ff7ba9f0000 	C:\Program Files\Java\jdk-17\bin\java.exe
0x00007fffa7640000 - 0x00007fffa78a7000 	C:\WINDOWS\SYSTEM32\ntdll.dll
0x00007fffa6120000 - 0x00007fffa61e9000 	C:\WINDOWS\System32\KERNEL32.DLL
0x00007fffa4fd0000 - 0x00007fffa53c4000 	C:\WINDOWS\System32\KERNELBASE.dll
0x00007fffa4be0000 - 0x00007fffa4d2b000 	C:\WINDOWS\System32\ucrtbase.dll
0x00007fff91300000 - 0x00007fff91319000 	C:\Program Files\Java\jdk-17\bin\jli.dll
0x00007fff7ba80000 - 0x00007fff7ba9b000 	C:\Program Files\Java\jdk-17\bin\VCRUNTIME140.dll
0x00007fffa5da0000 - 0x00007fffa5e56000 	C:\WINDOWS\System32\ADVAPI32.dll
0x00007fffa5400000 - 0x00007fffa54a9000 	C:\WINDOWS\System32\msvcrt.dll
0x00007fffa55c0000 - 0x00007fffa5667000 	C:\WINDOWS\System32\sechost.dll
0x00007fffa5e60000 - 0x00007fffa5f78000 	C:\WINDOWS\System32\RPCRT4.dll
0x00007fffa5bc0000 - 0x00007fffa5d85000 	C:\WINDOWS\System32\USER32.dll
0x00007fffa4780000 - 0x00007fffa47a7000 	C:\WINDOWS\System32\win32u.dll
0x00007fff7c9e0000 - 0x00007fff7cc73000 	C:\WINDOWS\WinSxS\amd64_microsoft.windows.common-controls_6595b64144ccf1df_6.0.26100.8115_none_3e075c82e3354f9c\COMCTL32.dll
0x00007fffa53d0000 - 0x00007fffa53fb000 	C:\WINDOWS\System32\GDI32.dll
0x00007fffa4ea0000 - 0x00007fffa4fcb000 	C:\WINDOWS\System32\gdi32full.dll
0x00007fffa4930000 - 0x00007fffa49d3000 	C:\WINDOWS\System32\msvcp_win.dll
0x00007fff90620000 - 0x00007fff9062b000 	C:\WINDOWS\SYSTEM32\VERSION.dll
0x00007fffa5840000 - 0x00007fffa5872000 	C:\WINDOWS\System32\IMM32.DLL
0x00007fff7cce0000 - 0x00007fff7ccec000 	C:\Program Files\Java\jdk-17\bin\vcruntime140_1.dll
0x00007fff49d30000 - 0x00007fff49dbe000 	C:\Program Files\Java\jdk-17\bin\msvcp140.dll
0x00007fff013c0000 - 0x00007fff01fa0000 	C:\Program Files\Java\jdk-17\bin\server\jvm.dll
0x00007fffa6c40000 - 0x00007fffa6c48000 	C:\WINDOWS\System32\PSAPI.DLL
0x00007fff98390000 - 0x00007fff983c6000 	C:\WINDOWS\SYSTEM32\WINMM.dll
0x00007fff91470000 - 0x00007fff9147a000 	C:\WINDOWS\SYSTEM32\WSOCK32.dll
0x00007fffa63a0000 - 0x00007fffa6420000 	C:\WINDOWS\System32\WS2_32.dll
0x00007fffa2ca0000 - 0x00007fffa2cbb000 	C:\WINDOWS\SYSTEM32\kernel.appcore.dll
0x00007fff7b860000 - 0x00007fff7b86a000 	C:\Program Files\Java\jdk-17\bin\jimage.dll
0x00007fffa19a0000 - 0x00007fffa1be2000 	C:\WINDOWS\SYSTEM32\DBGHELP.DLL
0x00007fffa7270000 - 0x00007fffa75f2000 	C:\WINDOWS\System32\combase.dll
0x00007fffa5ae0000 - 0x00007fffa5bb8000 	C:\WINDOWS\System32\OLEAUT32.dll
0x00007fff77e00000 - 0x00007fff77e3b000 	C:\WINDOWS\SYSTEM32\dbgcore.DLL
0x00007fffa4df0000 - 0x00007fffa4e95000 	C:\WINDOWS\System32\bcryptPrimitives.dll
0x00007fff91400000 - 0x00007fff9140e000 	C:\Program Files\Java\jdk-17\bin\instrument.dll
0x00007fff76ab0000 - 0x00007fff76ad5000 	C:\Program Files\Java\jdk-17\bin\java.dll
0x00007fff46320000 - 0x00007fff463f7000 	C:\Program Files\Java\jdk-17\bin\jsvml.dll
0x00007fffa64c0000 - 0x00007fffa6c27000 	C:\WINDOWS\System32\SHELL32.dll
0x00007fffa49e0000 - 0x00007fffa4b4a000 	C:\WINDOWS\System32\wintypes.dll
0x00007fffa3f10000 - 0x00007fffa4778000 	C:\WINDOWS\System32\windows.storage.dll
0x00007fffa7170000 - 0x00007fffa7268000 	C:\WINDOWS\System32\SHCORE.dll
0x00007fffa5670000 - 0x00007fffa56d6000 	C:\WINDOWS\System32\shlwapi.dll
0x00007fffa3e30000 - 0x00007fffa3e59000 	C:\WINDOWS\SYSTEM32\profapi.dll
0x00007fff640b0000 - 0x00007fff640c8000 	C:\Program Files\Java\jdk-17\bin\zip.dll
0x00007fff63b90000 - 0x00007fff63ba9000 	C:\Program Files\Java\jdk-17\bin\net.dll
0x00007fff98190000 - 0x00007fff982bd000 	C:\WINDOWS\SYSTEM32\WINHTTP.dll
0x00007fffa3210000 - 0x00007fffa327c000 	C:\WINDOWS\system32\mswsock.dll
0x00007fff632c0000 - 0x00007fff632d6000 	C:\Program Files\Java\jdk-17\bin\nio.dll
0x00007fff78400000 - 0x00007fff78410000 	C:\Program Files\Java\jdk-17\bin\verify.dll
0x00007fff547b0000 - 0x00007fff547d7000 	C:\Users\dell\.gradle\native\c067742578af261105cb4f569cf0c3c89f3d7b1fecec35dd04571415982c5e48\windows-amd64\native-platform.dll
0x00007fff21080000 - 0x00007fff211c4000 	C:\Users\dell\.gradle\native\100fb08df4bc3b14c8652ba06237920a3bd2aa13389f12d3474272988ae205f9\windows-amd64\native-platform-file-events.dll
0x00007fff78130000 - 0x00007fff7813a000 	C:\Program Files\Java\jdk-17\bin\management.dll
0x00007fff780d0000 - 0x00007fff780db000 	C:\Program Files\Java\jdk-17\bin\management_ext.dll
0x00007fffa34f0000 - 0x00007fffa350b000 	C:\WINDOWS\SYSTEM32\CRYPTSP.dll
0x00007fffa2c00000 - 0x00007fffa2c39000 	C:\WINDOWS\system32\rsaenh.dll
0x00007fffa32c0000 - 0x00007fffa32f3000 	C:\WINDOWS\SYSTEM32\USERENV.dll
0x00007fffa3e00000 - 0x00007fffa3e2a000 	C:\WINDOWS\SYSTEM32\bcrypt.dll
0x00007fffa3510000 - 0x00007fffa351c000 	C:\WINDOWS\SYSTEM32\CRYPTBASE.dll
0x00007fffa2650000 - 0x00007fffa2682000 	C:\WINDOWS\SYSTEM32\IPHLPAPI.DLL
0x00007fffa6c30000 - 0x00007fffa6c3a000 	C:\WINDOWS\System32\NSI.dll
0x00007fff982f0000 - 0x00007fff9830d000 	C:\WINDOWS\SYSTEM32\dhcpcsvc6.DLL
0x00007fff982c0000 - 0x00007fff982e5000 	C:\WINDOWS\SYSTEM32\dhcpcsvc.DLL
0x00007fffa2690000 - 0x00007fffa27c2000 	C:\WINDOWS\SYSTEM32\DNSAPI.dll
0x00007fff91320000 - 0x00007fff9132e000 	C:\Program Files\Java\jdk-17\bin\sunmscapi.dll
0x00007fffa47b0000 - 0x00007fffa4927000 	C:\WINDOWS\System32\CRYPT32.dll
0x00007fffa3710000 - 0x00007fffa3740000 	C:\WINDOWS\SYSTEM32\ncrypt.dll
0x00007fffa36c0000 - 0x00007fffa36ff000 	C:\WINDOWS\SYSTEM32\NTASN1.dll
0x00007fff6c0e0000 - 0x00007fff6c0e8000 	C:\WINDOWS\system32\wshunix.dll
0x00007fff54af0000 - 0x00007fff54b08000 	C:\WINDOWS\system32\napinsp.dll
0x00007fff54ad0000 - 0x00007fff54ae3000 	C:\WINDOWS\System32\winrnr.dll
0x00007fff54aa0000 - 0x00007fff54ac2000 	C:\WINDOWS\system32\nlansp_c.dll
0x00007fff8fa70000 - 0x00007fff8fa86000 	C:\WINDOWS\system32\wshbth.dll
0x00007fff97e10000 - 0x00007fff97e1b000 	C:\Windows\System32\rasadhlp.dll
0x00007fff99b00000 - 0x00007fff99b86000 	C:\WINDOWS\System32\fwpuclnt.dll

dbghelp: loaded successfully - version: 4.0.5 - missing functions: none
symbol engine: initialized successfully - sym options: 0x614 - pdb path: .;C:\Program Files\Java\jdk-17\bin;C:\WINDOWS\SYSTEM32;C:\WINDOWS\WinSxS\amd64_microsoft.windows.common-controls_6595b64144ccf1df_6.0.26100.8115_none_3e075c82e3354f9c;C:\Program Files\Java\jdk-17\bin\server;C:\Users\dell\.gradle\native\c067742578af261105cb4f569cf0c3c89f3d7b1fecec35dd04571415982c5e48\windows-amd64;C:\Users\dell\.gradle\native\100fb08df4bc3b14c8652ba06237920a3bd2aa13389f12d3474272988ae205f9\windows-amd64

VM Arguments:
jvm_args: --add-opens=java.base/java.lang=ALL-UNNAMED --add-opens=java.base/java.lang.invoke=ALL-UNNAMED --add-opens=java.base/java.util=ALL-UNNAMED --add-opens=java.prefs/java.util.prefs=ALL-UNNAMED --add-exports=jdk.compiler/com.sun.tools.javac.api=ALL-UNNAMED --add-exports=jdk.compiler/com.sun.tools.javac.util=ALL-UNNAMED --add-opens=java.base/java.util=ALL-UNNAMED --add-opens=java.prefs/java.util.prefs=ALL-UNNAMED --add-opens=java.base/java.nio.charset=ALL-UNNAMED --add-opens=java.base/java.net=ALL-UNNAMED --add-opens=java.base/java.util.concurrent.atomic=ALL-UNNAMED --add-opens=java.xml/javax.xml.namespace=ALL-UNNAMED -XX:MaxMetaspaceSize=256m -XX:ReservedCodeCacheSize=128m -XX:HeapBaseMinAddress=0x100000000 -XX:+UseG1GC -Xmx768m -Dfile.encoding=UTF-8 -Duser.country=US -Duser.language=en -Duser.variant -javaagent:C:\Users\dell\.gradle\wrapper\dists\gradle-8.11.1-all\2qik7nd48slq1ooc2496ixf4i\gradle-8.11.1\lib\agents\gradle-instrumentation-agent-8.11.1.jar 
java_command: org.gradle.launcher.daemon.bootstrap.GradleDaemon 8.11.1
java_class_path (initial): C:\Users\dell\.gradle\wrapper\dists\gradle-8.11.1-all\2qik7nd48slq1ooc2496ixf4i\gradle-8.11.1\lib\gradle-daemon-main-8.11.1.jar
Launcher Type: SUN_STANDARD

[Global flags]
     intx CICompilerCount                          = 4                                         {product} {ergonomic}
   size_t CompressedClassSpaceSize                 = 218103808                                 {product} {ergonomic}
     uint ConcGCThreads                            = 2                                         {product} {ergonomic}
     uint G1ConcRefinementThreads                  = 8                                         {product} {ergonomic}
   size_t G1HeapRegionSize                         = 1048576                                   {product} {ergonomic}
    uintx GCDrainStackTargetSize                   = 64                                        {product} {ergonomic}
   size_t HeapBaseMinAddress                       = 4294967296                             {pd product} {command line}
   size_t InitialHeapSize                          = 130023424                                 {product} {ergonomic}
   size_t MarkStackSize                            = 4194304                                   {product} {ergonomic}
   size_t MaxHeapSize                              = 805306368                                 {product} {command line}
   size_t MaxMetaspaceSize                         = 268435456                                 {product} {command line}
   size_t MaxNewSize                               = 482344960                                 {product} {ergonomic}
   size_t MinHeapDeltaBytes                        = 1048576                                   {product} {ergonomic}
   size_t MinHeapSize                              = 8388608                                   {product} {ergonomic}
    uintx NonProfiledCodeHeapSize                  = 0                                      {pd product} {ergonomic}
    uintx ProfiledCodeHeapSize                     = 0                                      {pd product} {ergonomic}
    uintx ReservedCodeCacheSize                    = 134217728                              {pd product} {command line}
   size_t SoftMaxHeapSize                          = 805306368                              {manageable} {ergonomic}
     bool UseCompressedClassPointers               = true                           {product lp64_product} {ergonomic}
     bool UseCompressedOops                        = true                           {product lp64_product} {ergonomic}
     bool UseG1GC                                  = true                                      {product} {command line}
     bool UseLargePagesIndividualAllocation        = false                                  {pd product} {ergonomic}

Logging:
Log output configuration:
 #0: stdout all=warning uptime,level,tags
 #1: stderr all=off uptime,level,tags

Environment Variables:
JAVA_HOME=C:\Program Files\Java\jdk-17
PATH=C:\Users\dell\AppData\Local\Programs\Microsoft VS Code;C:\Program Files\Java\jdk-17\bin;C:\Program Files (x86)\Common Files\Oracle\Java\javapath;C:\app\dell\product\11.2.0\dbhome_1\bin;C:\Program Files\Amazon Corretto\jdk21.0.4_7\bin;C:\Users\dell\AppData\Local\Programs\Python\Python312\Scripts\;C:\Users\dell\AppData\Local\Programs\Python\Python312\;C:\Program Files\Common Files\Oracle\Java\javapath;C:\Windows\system32;C:\Windows;C:\Windows\System32\Wbem;C:\Windows\System32\WindowsPowerShell\v1.0\;C:\Windows\System32\OpenSSH\;C:\Program Files\NVIDIA Corporation\NVIDIA NvDLISR;C:\Program Files\dotnet\;C:\WINDOWS\system32;C:\WINDOWS;C:\WINDOWS\System32\Wbem;C:\WINDOWS\System32\WindowsPowerShell\v1.0\;C:\WINDOWS\System32\OpenSSH\;C:\Program Files\Microsoft SQL Server\Client SDK\ODBC\170\Tools\Binn\;C:\Program Files (x86)\Microsoft SQL Server\150\Tools\Binn\;C:\Program Files\Microsoft SQL Server\150\Tools\Binn\;C:\Program Files\Microsoft SQL Server\150\DTS\Binn\;C:\Program Files (x86)\Microsoft SQL Server\160\DTS\Binn\;C:\Program Files\Azure Data Studio\bin;C:\Users\dell\AppData\Local\flutter;C:\Users\dell\AppData\Local\Pub\Cache\bin;C:\Users\dell\AppData\Roaming\npm;C:\ProgramData\chocolatey\bin;C:\Program Files\OpenSSL-Win64\bin;C:\Program Files\Git\cmd;C:\Program Files\GitHub CLI\;C:\Program Files (x86)\Microsoft SQL Server\160\Tools\Binn\;C:\Program Files\Microsoft SQL Server\160\Tools\Binn\;C:\Program Files\Microsoft SQL Server\160\DTS\Binn\;C:\Users\dell\AppData\Roaming\nvm;C:\Program Files\nodejs;C:\Users\dell\AppData\Local\Android\Sdk\tools\bin;C:\Users\dell\AppData\Local\Android\Sdk\platform-tools;C:\ProgramData\chocolatey\lib\maven\apache-maven-3.9.9\bin;C:\Program Files\Amazon\AWSCLIV2\;C:\Program Files\Go\bin;C:\Program Files\Docker\Docker\resources\bin;c:\Users\dell\AppData\Local\Programs\cursor\resources\app\bin;C:\Users\dell\AppData\Local\Android\Sdk\platform-tools;
USERNAME=dell
OS=Windows_NT
PROCESSOR_IDENTIFIER=Intel64 Family 6 Model 140 Stepping 1, GenuineIntel



---------------  S Y S T E M  ---------------

OS:
 Windows 11 , 64 bit Build 26100 (10.0.26100.8246)
OS uptime: 1 days 0:45 hours
Hyper-V role detected

CPU: total 8 (initial active 8) (4 cores per cpu, 2 threads per core) family 6 model 140 stepping 1 microcode 0xbc, cx8, cmov, fxsr, ht, mmx, 3dnowpref, sse, sse2, sse3, ssse3, sse4.1, sse4.2, popcnt, lzcnt, tsc, tscinvbit, avx, avx2, aes, erms, clmul, bmi1, bmi2, adx, avx512f, avx512dq, avx512cd, avx512bw, avx512vl, sha, fma, vzeroupper, avx512_vpopcntdq, avx512_vpclmulqdq, avx512_vaes, avx512_vnni, clflush, clflushopt, clwb, avx512_vbmi2, avx512_vbmi, hv

Memory: 4k page, system-wide physical 7914M (477M free)
TotalPageFile size 32490M (AvailPageFile size 22M)
current process WorkingSet (physical memory assigned to process): 379M, peak: 402M
current process commit charge ("private bytes"): 444M, peak: 471M

vm_info: Java HotSpot(TM) 64-Bit Server VM (17.0.12+8-LTS-286) for windows-amd64 JRE (17.0.12+8-LTS-286), built on Jun  5 2024 06:46:59 by "mach5one" with MS VC++ 17.6 (VS2022)

END.
